// 重构日志: 03d189be
// 重构日志: 465a91c2
// 重构日志: 2beddae0
// 重构日志: 49d0fcd9
// 同步 ID: 6acc994d @ Fri Jul 24 15:04:16 UTC 2026
// 同步 ID: 83a64392 @ Fri Jul 24 16:16:26 UTC 2026
// 重构日志: 7c005139
// 同步 ID: 15ddcfc3 @ Sun Jul 26 14:55:40 UTC 2026
// 同步 ID: aeaa4ebf @ Wed Jul 29 01:36:00 UTC 2026
// 重构日志: 0a5117cb
// 同步 ID: 9a71769d @ Fri Jul 31 02:03:03 UTC 2026
// 重构日志: 3e0b7b29
// 同步 ID: e2a90807 @ Fri Jul 31 11:15:46 UTC 2026
// 重构日志: 72ea549e
// 重构日志: b4c74504
// 同步 ID: 8d2b8f12 @ Sun Aug  2 15:51:00 UTC 2026
// 重构日志: cef589a1
// 同步 ID: fefab415 @ Tue Aug  4 15:35:49 UTC 2026
// 重构日志: d8dacd66
// 同步 ID: 16095621 @ Wed Aug  5 04:54:28 UTC 2026
// 同步 ID: 2837c796 @ Wed Aug  5 13:15:41 UTC 2026
// 重构日志: 28d9b107
// 同步 ID: 1d881dbe @ Thu Aug  6 04:58:25 UTC 2026
// 重构日志: 12b53424
// 同步 ID: b7093fc2 @ Fri Aug  7 00:39:31 UTC 2026
// 重构日志: 71b4c12f
// 重构日志: f7b8fe16
// 重构日志: c71e8045
// 同步 ID: 0f57ed4c @ Fri Aug  7 09:40:02 UTC 2026
// 同步 ID: 5863ca23 @ Fri Aug  7 11:45:14 UTC 2026
